<?xml version="1.0" encoding="UTF-8"?>
<TestRun id="57db90ce-8ae8-4531-b39c-cef64e64a55e" name="Diego@DIEGO-PC 2012-11-19 01:11:49" runUser="Diego-PC\Diego" xmlns="http://microsoft.com/schemas/VisualStudio/TeamTest/2010">
  <TestSettings name="Local" id="ef2db5f0-3f45-4aad-a578-8bde204c9147">
    <Description>These are default test settings for a local test run.</Description>
    <Deployment enabled="false" runDeploymentRoot="Diego_DIEGO-PC 2012-11-19 01_11_49">
      <DeploymentItem filename="C:\Users\Diego\Documents\Visual Studio 2010\Projects\Uniprof\Dominio\bin\Release\Dominio.dll" />
      <DeploymentItem filename="C:\Users\Diego\Documents\Visual Studio 2010\Projects\Uniprof\Negocio\bin\Release\Negocio.dll" />
      <DeploymentItem filename="C:\Users\Diego\Documents\Visual Studio 2010\Projects\Uniprof\Repositorio\bin\Release\Repositorio.dll" />
      <DeploymentItem filename="C:\Users\Diego\Documents\Visual Studio 2010\Projects\Uniprof\Seguridad\bin\Release\Seguridad.dll" />
    </Deployment>
    <Execution>
      <TestTypeSpecific />
      <AgentRule name="Execution Agents">
      </AgentRule>
    </Execution>
  </TestSettings>
  <Times creation="2012-11-19T01:11:49.4098977-03:00" queuing="2012-11-19T01:11:51.4190126-03:00" start="2012-11-19T01:11:51.5740215-03:00" finish="2012-11-19T01:12:26.1650000-03:00" />
  <ResultSummary outcome="Error">
    <Counters total="1" executed="1" error="0" failed="0" timeout="0" aborted="1" inconclusive="0" passedButRunAborted="0" notRunnable="0" notExecuted="0" disconnected="0" warning="0" passed="0" completed="0" inProgress="0" pending="0" />
    <RunInfos>
      <RunInfo computerName="DIEGO-PC" outcome="Error" timestamp="2012-11-19T01:12:26.1579996-03:00">
        <Text>Test host process exited unexpectedly.</Text>
      </RunInfo>
    </RunInfos>
  </ResultSummary>
  <TestDefinitions>
    <UnitTest name="cargarMovimientosTest" storage="c:\users\diego\documents\visual studio 2010\projects\uniprof\tests\bin\release\tests.dll" id="4f3a2e54-c06b-cfc2-386b-24b648fee82c">
      <Execution id="268d7398-c16a-4f75-acbb-57797500e7bd" />
      <TestMethod codeBase="C:/Users/Diego/Documents/Visual Studio 2010/Projects/Uniprof/Tests/bin/Release/Tests.DLL" adapterTypeName="Microsoft.VisualStudio.TestTools.TestTypes.Unit.UnitTestAdapter, Microsoft.VisualStudio.QualityTools.Tips.UnitTest.Adapter, Version=10.0.0.0, Culture=neutral, PublicKeyToken=b03f5f7f11d50a3a" className="Tests.MovimientoStockTDGTest, Tests, Version=1.0.0.0, Culture=neutral, PublicKeyToken=null" name="cargarMovimientosTest" />
    </UnitTest>
  </TestDefinitions>
  <TestLists>
    <TestList name="Results Not in a List" id="8c84fa94-04c1-424b-9868-57a2d4851a1d" />
    <TestList name="All Loaded Results" id="19431567-8539-422a-85d7-44ee4e166bda" />
  </TestLists>
  <TestEntries>
    <TestEntry testId="4f3a2e54-c06b-cfc2-386b-24b648fee82c" executionId="268d7398-c16a-4f75-acbb-57797500e7bd" testListId="8c84fa94-04c1-424b-9868-57a2d4851a1d" />
  </TestEntries>
  <Results>
    <UnitTestResult executionId="268d7398-c16a-4f75-acbb-57797500e7bd" testId="4f3a2e54-c06b-cfc2-386b-24b648fee82c" testName="cargarMovimientosTest" computerName="DIEGO-PC" duration="00:00:34.4309693" startTime="2012-11-19T01:11:51.7340307-03:00" endTime="2012-11-19T01:12:26.1650000-03:00" testType="13cdc9d9-ddb5-4fa4-a97d-d965ccfc6d4b" outcome="Aborted" testListId="8c84fa94-04c1-424b-9868-57a2d4851a1d" relativeResultsDirectory="268d7398-c16a-4f75-acbb-57797500e7bd">
    </UnitTestResult>
  </Results>
</TestRun>